Archive member included to satisfy reference by file (symbol)

libbb/lib.a(appletlib.o)      /usr/src/output/host/arm-buildroot-linux-uclibcgnueabihf/sysroot/usr/lib/crt1.o (main)
libbb/lib.a(compare_string_array.o)
                              libbb/lib.a(appletlib.o) (is_prefixed_with)
libbb/lib.a(concat_path_file.o)
                              libbb/lib.a(appletlib.o) (concat_path_file)
libbb/lib.a(default_error_retval.o)
                              libbb/lib.a(appletlib.o) (xfunc_error_retval)
libbb/lib.a(get_last_path_component.o)
                              libbb/lib.a(appletlib.o) (bb_basename)
libbb/lib.a(last_char_is.o)   libbb/lib.a(concat_path_file.o) (last_char_is)
libbb/lib.a(messages.o)       libbb/lib.a(appletlib.o) (bb_busybox_exec_path)
libbb/lib.a(perror_msg.o)     libbb/lib.a(appletlib.o) (bb_simple_perror_msg)
libbb/lib.a(ptr_to_globals.o)
                              libbb/lib.a(appletlib.o) (bb_errno)
libbb/lib.a(verror_msg.o)     libbb/lib.a(perror_msg.o) (bb_verror_msg)
libbb/lib.a(xfunc_die.o)      libbb/lib.a(appletlib.o) (xfunc_die)
libbb/lib.a(xfuncs.o)         libbb/lib.a(appletlib.o) (full_write2_str)
libbb/lib.a(xfuncs_printf.o)  libbb/lib.a(verror_msg.o) (fflush_all)
libbb/lib.a(xreadlink.o)      libbb/lib.a(appletlib.o) (xmalloc_readlink)
libbb/lib.a(copyfd.o)         libbb/lib.a(xfuncs_printf.o) (bb_copyfd_eof)
libbb/lib.a(full_write.o)     libbb/lib.a(verror_msg.o) (full_write)
libbb/lib.a(read.o)           libbb/lib.a(copyfd.o) (safe_read)
libbb/lib.a(safe_write.o)     libbb/lib.a(full_write.o) (safe_write)
libbb/lib.a(signals.o)        libbb/lib.a(xfuncs_printf.o) (kill_myself_with_sig)
libbb/lib.a(time.o)           libbb/lib.a(xfuncs_printf.o) (monotonic_us)
libbb/lib.a(bb_strtonum.o)    libbb/lib.a(time.o) (bb_strtol)
loginutils/lib.a(addgroup.o)  libbb/lib.a(appletlib.o) (addgroup_main)
loginutils/lib.a(adduser.o)   libbb/lib.a(appletlib.o) (adduser_main)
loginutils/lib.a(cryptpw.o)   libbb/lib.a(appletlib.o) (cryptpw_main)
loginutils/lib.a(deluser.o)   libbb/lib.a(appletlib.o) (deluser_main)
loginutils/lib.a(getty.o)     libbb/lib.a(appletlib.o) (getty_main)
loginutils/lib.a(login.o)     libbb/lib.a(appletlib.o) (login_main)
loginutils/lib.a(passwd.o)    libbb/lib.a(appletlib.o) (passwd_main)
loginutils/lib.a(su.o)        libbb/lib.a(appletlib.o) (su_main)
loginutils/lib.a(sulogin.o)   libbb/lib.a(appletlib.o) (sulogin_main)
loginutils/lib.a(vlock.o)     libbb/lib.a(appletlib.o) (vlock_main)
miscutils/lib.a(crond.o)      libbb/lib.a(appletlib.o) (crond_main)
miscutils/lib.a(crontab.o)    libbb/lib.a(appletlib.o) (crontab_main)
miscutils/lib.a(dc.o)         libbb/lib.a(appletlib.o) (dc_main)
miscutils/lib.a(devmem.o)     libbb/lib.a(appletlib.o) (devmem_main)
miscutils/lib.a(hdparm.o)     libbb/lib.a(appletlib.o) (hdparm_main)
miscutils/lib.a(i2c_tools.o)  libbb/lib.a(appletlib.o) (i2cget_main)
miscutils/lib.a(less.o)       libbb/lib.a(appletlib.o) (less_main)
miscutils/lib.a(lsscsi.o)     libbb/lib.a(appletlib.o) (lsscsi_main)
miscutils/lib.a(makedevs.o)   libbb/lib.a(appletlib.o) (makedevs_main)
miscutils/lib.a(microcom.o)   libbb/lib.a(appletlib.o) (microcom_main)
miscutils/lib.a(mt.o)         libbb/lib.a(appletlib.o) (mt_main)
miscutils/lib.a(partprobe.o)  libbb/lib.a(appletlib.o) (partprobe_main)
miscutils/lib.a(runlevel.o)   libbb/lib.a(appletlib.o) (runlevel_main)
miscutils/lib.a(setserial.o)  libbb/lib.a(appletlib.o) (setserial_main)
miscutils/lib.a(strings.o)    libbb/lib.a(appletlib.o) (strings_main)
miscutils/lib.a(time.o)       libbb/lib.a(appletlib.o) (time_main)
miscutils/lib.a(ubirename.o)  libbb/lib.a(appletlib.o) (ubirename_main)
miscutils/lib.a(watchdog.o)   libbb/lib.a(appletlib.o) (watchdog_main)
modutils/lib.a(insmod.o)      libbb/lib.a(appletlib.o) (insmod_main)
modutils/lib.a(lsmod.o)       libbb/lib.a(appletlib.o) (lsmod_main)
modutils/lib.a(modprobe.o)    libbb/lib.a(appletlib.o) (modprobe_main)
modutils/lib.a(modutils.o)    modutils/lib.a(modprobe.o) (replace)
modutils/lib.a(rmmod.o)       libbb/lib.a(appletlib.o) (rmmod_main)
networking/lib.a(arp.o)       libbb/lib.a(appletlib.o) (arp_main)
networking/lib.a(arping.o)    libbb/lib.a(appletlib.o) (arping_main)
networking/lib.a(dnsd.o)      libbb/lib.a(appletlib.o) (dnsd_main)
networking/lib.a(ether-wake.o)
                              libbb/lib.a(appletlib.o) (ether_wake_main)
networking/lib.a(hostname.o)  libbb/lib.a(appletlib.o) (hostname_main)
networking/lib.a(ifconfig.o)  libbb/lib.a(appletlib.o) (ifconfig_main)
networking/lib.a(ifupdown.o)  libbb/lib.a(appletlib.o) (ifupdown_main)
networking/lib.a(inetd.o)     libbb/lib.a(appletlib.o) (inetd_main)
networking/lib.a(interface.o)
                              networking/lib.a(ifconfig.o) (in_ib)
networking/lib.a(ip.o)        libbb/lib.a(appletlib.o) (ipaddr_main)
networking/lib.a(nameif.o)    libbb/lib.a(appletlib.o) (nameif_main)
networking/lib.a(netstat.o)   libbb/lib.a(appletlib.o) (netstat_main)
[...]
Memory Configuration

Name             Origin             Length             Attributes
*default*        0x0000000000000000 0xffffffffffffffff

Linker script and memory map

LOAD /usr/src/output/host/arm-buildroot-linux-uclibcgnueabihf/sysroot/usr/lib/crt1.o
LOAD /usr/src/output/host/arm-buildroot-linux-uclibcgnueabihf/sysroot/usr/lib/crti.o
LOAD /usr/src/output/host/lib/gcc/arm-buildroot-linux-uclibcgnueabihf/6.4.0/crtbegin.o
LOAD /usr/src/output/host/bin/../arm-buildroot-linux-uclibcgnueabihf/sysroot/usr/lib/libtirpc.so
START GROUP
LOAD applets/built-in.o
LOAD archival/lib.a
LOAD archival/libarchive/lib.a
LOAD console-tools/lib.a
LOAD coreutils/lib.a
LOAD coreutils/libcoreutils/lib.a
LOAD debianutils/lib.a
LOAD e2fsprogs/lib.a
LOAD editors/lib.a
LOAD findutils/lib.a
LOAD init/lib.a
LOAD libbb/lib.a
LOAD libpwdgrp/lib.a
LOAD loginutils/lib.a
LOAD mailutils/lib.a
LOAD miscutils/lib.a
LOAD modutils/lib.a
LOAD networking/lib.a
LOAD networking/libiproute/lib.a
LOAD networking/udhcp/lib.a
LOAD printutils/lib.a
LOAD procps/lib.a
LOAD runit/lib.a
LOAD selinux/lib.a
LOAD shell/lib.a
LOAD sysklogd/lib.a
LOAD util-linux/lib.a
LOAD util-linux/volume_id/lib.a
LOAD archival/built-in.o
LOAD archival/libarchive/built-in.o
LOAD console-tools/built-in.o
LOAD coreutils/built-in.o
LOAD coreutils/libcoreutils/built-in.o
LOAD debianutils/built-in.o
LOAD e2fsprogs/built-in.o
LOAD editors/built-in.o
LOAD findutils/built-in.o
LOAD init/built-in.o
LOAD libbb/built-in.o
LOAD libpwdgrp/built-in.o
LOAD loginutils/built-in.o
LOAD mailutils/built-in.o
LOAD miscutils/built-in.o
LOAD modutils/built-in.o
LOAD networking/built-in.o
LOAD networking/libiproute/built-in.o
LOAD networking/udhcp/built-in.o
LOAD printutils/built-in.o
LOAD procps/built-in.o
LOAD runit/built-in.o
LOAD selinux/built-in.o
LOAD shell/built-in.o
LOAD sysklogd/built-in.o
LOAD util-linux/built-in.o
LOAD util-linux/volume_id/built-in.o
END GROUP
START GROUP
END GROUP
LOAD /usr/src/output/host/lib/gcc/arm-buildroot-linux-uclibcgnueabihf/6.4.0/libgcc.a
LOAD /usr/src/output/host/lib/gcc/arm-buildroot-linux-uclibcgnueabihf/6.4.0/libgcc_eh.a
LOAD /usr/src/output/host/bin/../arm-buildroot-linux-uclibcgnueabihf/sysroot/usr/lib/libc.so
START GROUP
LOAD /usr/src/output/host/arm-buildroot-linux-uclibcgnueabihf/sysroot/lib/libc.so.1
LOAD /usr/src/output/host/arm-buildroot-linux-uclibcgnueabihf/sysroot/usr/lib/uclibc_nonshared.a
LOAD /usr/src/output/host/bin/../arm-buildroot-linux-uclibcgnueabihf/sysroot/usr/lib/libpthread_nonshared.a
LOAD /usr/src/output/host/arm-buildroot-linux-uclibcgnueabihf/sysroot/lib/ld-uClibc.so.1
END GROUP
LOAD /usr/src/output/host/lib/gcc/arm-buildroot-linux-uclibcgnueabihf/6.4.0/libgcc.a
LOAD /usr/src/output/host/lib/gcc/arm-buildroot-linux-uclibcgnueabihf/6.4.0/libgcc_eh.a
LOAD /usr/src/output/host/lib/gcc/arm-buildroot-linux-uclibcgnueabihf/6.4.0/crtend.o
LOAD /usr/src/output/host/arm-buildroot-linux-uclibcgnueabihf/sysroot/usr/lib/crtn.o
                [!provide]                        PROVIDE (__executable_start, SEGMENT_START ("text-segment", 0x10000))
                0x0000000000010134                . = (SEGMENT_START ("text-segment", 0x10000) + SIZEOF_HEADERS)

.interp         0x0000000000010134       0x14
 *(SORT(.interp))
 .interp        0x0000000000010134       0x14 /usr/src/output/host/arm-buildroot-linux-uclibcgnueabihf/sysroot/usr/lib/crt1.o

.note.gnu.build-id
 *(SORT(.note.gnu.build-id))

.hash           0x0000000000010148      0x9a0
 *(SORT(.hash))
 .hash          0x0000000000010148      0x9a0 /usr/src/output/host/arm-buildroot-linux-uclibcgnueabihf/sysroot/usr/lib/crt1.o

.gnu.hash
 *(SORT(.gnu.hash))

.dynsym         0x0000000000010ae8     0x15f0
 *(SORT(.dynsym))
 .dynsym        0x0000000000010ae8     0x15f0 /usr/src/output/host/arm-buildroot-linux-uclibcgnueabihf/sysroot/usr/lib/crt1.o

.dynstr         0x00000000000120d8      0xb94
 *(SORT(.dynstr))
 .dynstr        0x00000000000120d8      0xb94 /usr/src/output/host/arm-buildroot-linux-uclibcgnueabihf/sysroot/usr/lib/crt1.o

.gnu.version    0x0000000000012c6c        0x0
 *(SORT(.gnu.version))
 .gnu.version   0x0000000000012c6c        0x0 /usr/src/output/host/arm-buildroot-linux-uclibcgnueabihf/sysroot/usr/lib/crt1.o

.gnu.version_d  0x0000000000012c6c        0x0
 *(SORT(.gnu.version_d))
 .gnu.version_d
                0x0000000000012c6c        0x0 /usr/src/output/host/arm-buildroot-linux-uclibcgnueabihf/sysroot/usr/lib/crt1.o

.gnu.version_r  0x0000000000012c6c        0x0
 *(SORT(.gnu.version_r))
 .gnu.version_r
                0x0000000000012c6c        0x0 /usr/src/output/host/arm-buildroot-linux-uclibcgnueabihf/sysroot/usr/lib/crt1.o

.rel.dyn        0x0000000000012c6c       0x50
 *(SORT(.rel.init))
 *(SORT(.rel.text) SORT(.rel.text.*) SORT(.rel.gnu.linkonce.t.*))
 *(SORT(.rel.fini))
 *(SORT(.rel.rodata) SORT(.rel.rodata.*) SORT(.rel.gnu.linkonce.r.*))
 *(SORT(.rel.data.rel.ro) SORT(.rel.data.rel.ro.*) SORT(.rel.gnu.linkonce.d.rel.ro.*))
 .rel.data.rel.ro
                0x0000000000012c6c        0x0 /usr/src/output/host/arm-buildroot-linux-uclibcgnueabihf/sysroot/usr/lib/crt1.o
 *(SORT(.rel.data) SORT(.rel.data.*) SORT(.rel.gnu.linkonce.d.*))
 *(SORT(.rel.tdata) SORT(.rel.tdata.*) SORT(.rel.gnu.linkonce.td.*))
 *(SORT(.rel.tbss) SORT(.rel.tbss.*) SORT(.rel.gnu.linkonce.tb.*))
 *(SORT(.rel.ctors))
 *(SORT(.rel.dtors))
 *(SORT(.rel.got))
 .rel.got       0x0000000000012c6c        0x0 /usr/src/output/host/arm-buildroot-linux-uclibcgnueabihf/sysroot/usr/lib/crt1.o
 *(SORT(.rel.bss) SORT(.rel.bss.*) SORT(.rel.gnu.linkonce.b.*))
 .rel.bss       0x0000000000012c6c       0x50 /usr/src/output/host/arm-buildroot-linux-uclibcgnueabihf/sysroot/usr/lib/crt1.o
                [!provide]                        PROVIDE (__rel_iplt_start, .)
 *(SORT(.rel.iplt))
 .rel.iplt      0x0000000000012cbc        0x0 /usr/src/output/host/arm-buildroot-linux-uclibcgnueabihf/sysroot/usr/lib/crt1.o
                [!provide]                        PROVIDE (__rel_iplt_end, .)

.rela.dyn       0x0000000000012cbc        0x0
 *(SORT(.rela.init))
 *(SORT(.rela.text) SORT(.rela.text.*) SORT(.rela.gnu.linkonce.t.*))
 *(SORT(.rela.fini))
 *(SORT(.rela.rodata) SORT(.rela.rodata.*) SORT(.rela.gnu.linkonce.r.*))
 *(SORT(.rela.data) SORT(.rela.data.*) SORT(.rela.gnu.linkonce.d.*))
 *(SORT(.rela.tdata) SORT(.rela.tdata.*) SORT(.rela.gnu.linkonce.td.*))
 *(SORT(.rela.tbss) SORT(.rela.tbss.*) SORT(.rela.gnu.linkonce.tb.*))
 *(SORT(.rela.ctors))
 *(SORT(.rela.dtors))
 *(SORT(.rela.got))
 *(SORT(.rela.bss) SORT(.rela.bss.*) SORT(.rela.gnu.linkonce.b.*))
                [!provide]                        PROVIDE (__rela_iplt_start, .)
 *(SORT(.rela.iplt))
                [!provide]                        PROVIDE (__rela_iplt_end, .)

.rel.plt        0x0000000000012cbc      0xa48
 *(SORT(.rel.plt))
 .rel.plt       0x0000000000012cbc      0xa48 /usr/src/output/host/arm-buildroot-linux-uclibcgnueabihf/sysroot/usr/lib/crt1.o

.rela.plt
 *(SORT(.rela.plt))

.init           0x0000000000013704       0x10
 *(SORT(.init))
 .init          0x0000000000013704        0xc /usr/src/output/host/arm-buildroot-linux-uclibcgnueabihf/sysroot/usr/lib/crti.o
                0x0000000000013704                _init
 .init          0x0000000000013710        0x4 /usr/src/output/host/arm-buildroot-linux-uclibcgnueabihf/sysroot/usr/lib/crtn.o

.plt            0x0000000000013714      0xf80
 *(SORT(.plt))
 .plt           0x0000000000013714      0xf80 /usr/src/output/host/arm-buildroot-linux-uclibcgnueabihf/sysroot/usr/lib/crt1.o
                0x0000000000013728                opendir
                0x0000000000013734                ctime
                0x0000000000013740                vsprintf
                0x000000000001374c                getmntent
                0x0000000000013758                execve
                0x0000000000013764                fdopen
                0x0000000000013770                execvp
                0x000000000001377c                getspnam_r
                0x0000000000013788                setuid
                0x0000000000013794                memcmp
                0x00000000000137a0                qsort
                0x00000000000137ac                listen
                0x00000000000137b8                ioctl
                0x00000000000137c4                munlock
                0x00000000000137d0                symlink
                0x00000000000137dc                setpriority
                0x00000000000137e8                flock
                0x00000000000137f4                sched_setscheduler
                0x0000000000013800                sendmsg
                0x000000000001380c                cfgetispeed
                0x0000000000013818                abort
                0x0000000000013824                realloc
                0x0000000000013830                connect
                0x000000000001383c                __uClibc_main
                0x0000000000013848                write
                0x0000000000013854                fchdir
                0x0000000000013860                geteuid
                0x000000000001386c                dup2
                0x0000000000013878                ether_hostton
                0x0000000000013884                _exit
                0x0000000000013890                vfork
                0x000000000001389c                mktemp
                0x00000000000138a8                tcsetattr
                0x00000000000138b4                sethostname
                0x00000000000138c0                freopen64
                0x00000000000138cc                getgid
                0x00000000000138d8                setsid
                0x00000000000138e4                endgrent
                0x00000000000138f0                sscanf
                0x00000000000138fc                fsync
                0x0000000000013908                umount2
                0x0000000000013914                gettimeofday
                0x0000000000013920                strcspn
                0x000000000001392c                srand
                0x0000000000013938                getpagesize
                0x0000000000013944                semget
                0x0000000000013950                pipe
                0x000000000001395c                access
                0x0000000000013968                snprintf
                0x0000000000013974                dup
                0x000000000001398c                getusershell
                0x0000000000013998                wait3
                0x00000000000139a4                signal
                0x00000000000139b0                recvmsg
                0x00000000000139bc                getpid
                0x00000000000139c8                strcmp
                0x00000000000139d4                stat64
                0x00000000000139e0                time
                0x00000000000139ec                memset
                0x00000000000139f8                setgid
                0x0000000000013a04                stpcpy
                0x0000000000013a10                unlink
                0x0000000000013a1c                putenv
                0x0000000000013a28                gnu_dev_major
                0x0000000000013a34                regerror
                0x0000000000013a40                getpriority
                0x0000000000013a4c                stime
                0x0000000000013a58                recvfrom
                0x0000000000013a64                closelog
                0x0000000000013a70                malloc
                0x0000000000013a7c                sched_get_priority_min
                0x0000000000013a88                getcwd
                0x0000000000013a94                fork
                0x0000000000013aa0                statfs64
                0x0000000000013aac                strverscmp
                0x0000000000013ab8                fcntl64
                0x0000000000013ac4                memmove
                0x0000000000013ad0                gethostbyname
                0x0000000000013adc                strcat
                0x0000000000013ae8                getmntent_r
                0x0000000000013af4                strcasestr
                0x0000000000013b00                rand
                0x0000000000013b0c                fflush
                0x0000000000013b18                fchown
                0x0000000000013b24                strncmp
                0x0000000000013b30                tcdrain
                0x0000000000013b3c                system
                0x0000000000013b48                recv
                0x0000000000013b54                strcpy
                0x0000000000013b60                chroot
                0x0000000000013b6c                scanf
                0x0000000000013b78                getgrnam
                0x0000000000013b84                strrchr
                0x0000000000013b90                __cxa_atexit
                0x0000000000013b9c                getnameinfo
                0x0000000000013ba8                closedir
                0x0000000000013bb4                getlogin_r
                0x0000000000013bc0                dprintf
                0x0000000000013bcc                strnlen
                0x0000000000013bd8                fclose
                0x0000000000013be4                chown
                0x0000000000013bf0                setenv
                0x0000000000013bfc                cfgetospeed
                0x0000000000013c08                strdup
                0x0000000000013c14                ftruncate64
                0x0000000000013c20                inet_addr
                0x0000000000013c2c                getrlimit64
                0x0000000000013c38                sleep
                0x0000000000013c44                endutxent
                0x0000000000013c50                wait
                0x0000000000013c5c                __cmsg_nxthdr
                0x0000000000013c68                getgrgid
                0x0000000000013c74                strtoll
                0x0000000000013c80                strstr
                0x0000000000013c8c                vfprintf
                0x0000000000013c98                kill
                0x0000000000013ca4                gnu_dev_minor
                0x0000000000013cb0                rename
                0x0000000000013cbc                syslog
                0x0000000000013cc8                munmap
                0x0000000000013cd4                unsetenv
                0x0000000000013ce0                getpwnam
                0x0000000000013cec                link
                0x0000000000013cf8                lstat64
                0x0000000000013d04                fscanf
                0x0000000000013d10                getsockname
                0x0000000000013d1c                sigdelset
                0x0000000000013d28                utmpxname
                0x0000000000013d34                strchr
                0x0000000000013d40                strncasecmp
                0x0000000000013d4c                chmod
                0x0000000000013d58                inet_pton
                0x0000000000013d64                shmctl
                0x0000000000013d70                strspn
                0x0000000000013d7c                strpbrk
                0x0000000000013d88                getgroups
                0x0000000000013d94                bind
                0x0000000000013da0                reboot
                0x0000000000013dac                getppid
                0x0000000000013db8                if_nametoindex
                0x0000000000013dc4                poll
                0x0000000000013dd0                fgets_unlocked
                0x0000000000013ddc                personality
                0x0000000000013de8                mount
                0x0000000000013df4                getpwuid
                0x0000000000013e00                localtime_r
                0x0000000000013e0c                __h_errno_location
                0x0000000000013e18                popen
                0x0000000000013e24                printf
                0x0000000000013e30                msgctl
                0x0000000000013e3c                fopen64
                0x0000000000013e48                fnmatch
                0x0000000000013e54                waitpid
                0x0000000000013e60                fwrite
                0x0000000000013e6c                getegid
                0x0000000000013e78                sigtimedwait
                0x0000000000013e84                regfree
                0x0000000000013e90                tcsendbreak
                0x0000000000013e9c                alarm
                0x0000000000013ea8                sendfile64
                0x0000000000013eb4                readlink
                0x0000000000013ec0                swapon
                0x0000000000013ecc                strncpy
                0x0000000000013ed8                tzset
                0x0000000000013ee4                getpwent
                0x0000000000013ef0                __sigsetjmp
                0x0000000000013efc                mempcpy
                0x0000000000013f14                dirname
                0x0000000000013f20                ether_aton_r
                0x0000000000013f2c                exit
                0x0000000000013f38                raise
                0x0000000000013f44                strptime
                0x0000000000013f50                ttyname_r
                0x0000000000013f5c                __fputc_unlocked
                0x0000000000013f68                execle
                0x0000000000013f74                semctl
                0x0000000000013f80                fprintf
                0x0000000000013f8c                vprintf
                0x0000000000013f98                strchrnul
                0x0000000000013fa4                memrchr
                0x0000000000013fb0                execlp
                0x0000000000013fbc                settimeofday
                0x0000000000013fc8                tcgetattr
                0x0000000000013fd4                atoll
                0x0000000000013fe0                utimes
                0x0000000000013fec                freeaddrinfo
                0x0000000000013ff8                lseek64
                0x0000000000014004                cfmakeraw
                0x0000000000014010                setegid
                0x000000000001401c                getservbyname
                0x0000000000014028                ftello64
                0x0000000000014034                mlock
                0x0000000000014040                gnu_dev_makedev
                0x000000000001404c                strtoul
                0x0000000000014058                fread
                0x0000000000014064                socket
                0x0000000000014070                getsid
                0x000000000001407c                close
                0x0000000000014088                sysconf
                0x0000000000014094                killpg
                0x00000000000140a0                umask
                0x00000000000140ac                posix_fallocate64
                0x00000000000140b8                msgget
                0x00000000000140c4                sched_getscheduler
                0x00000000000140d0                regexec
                0x00000000000140dc                fileno_unlocked
                0x00000000000140e8                execl
                0x00000000000140f4                setrlimit64
                0x0000000000014100                inet_aton
                0x000000000001410c                setbuf
                0x0000000000014118                cfsetospeed
                0x0000000000014124                read
                0x0000000000014130                getutxent
                0x000000000001413c                getgrouplist
                0x0000000000014148                initgroups
                0x0000000000014154                seteuid
                0x0000000000014160                mallopt
                0x000000000001416c                rmdir
                0x0000000000014178                sigprocmask
                0x0000000000014184                mknod
                0x0000000000014190                tcgetsid
                0x000000000001419c                prctl
                0x00000000000141a8                openlog
                0x00000000000141b4                gethostid
                0x00000000000141c0                __res_state
                0x00000000000141cc                cfsetspeed
                0x00000000000141d8                cfsetispeed
                0x00000000000141e4                updwtmpx
                0x00000000000141f0                strtoull
                0x00000000000141fc                getopt_long_only
                0x0000000000014208                __errno_location
                0x0000000000014214                setsockopt
                0x0000000000014220                bsearch
                0x000000000001422c                setmntent
                0x0000000000014238                mkdir
                0x0000000000014244                getpgrp
                0x0000000000014250                sched_getaffinity
                0x000000000001425c                sigsuspend
                0x0000000000014268                mkstemp64
                0x0000000000014274                clearenv
                0x0000000000014280                getservbyport
                0x000000000001428c                clearerr
                0x0000000000014298                fputs
                0x00000000000142a4                pread64
                0x00000000000142b0                realpath
                0x00000000000142bc                vsnprintf
                0x00000000000142c8                setutxent
                0x00000000000142d4                setpgid
                0x00000000000142e0                chdir
                0x00000000000142ec                sync
                0x00000000000142f8                pivot_root
                0x0000000000014304                hstrerror
                0x0000000000014310                nanosleep
                0x000000000001431c                localtime
                0x0000000000014328                syscall
                0x0000000000014334                mkfifo
                0x0000000000014340                execv
                0x000000000001434c                sched_getparam
                0x0000000000014358                sched_get_priority_max
                0x0000000000014364                times
                0x0000000000014370                atof
                0x000000000001437c                sendto
                0x0000000000014388                getopt
                0x0000000000014394                free
                0x00000000000143a0                strftime
                0x00000000000143ac                __fgetc_unlocked
                0x00000000000143b8                tcflush
                0x00000000000143c4                pclose
                0x00000000000143d0                atoi
                0x00000000000143dc                _setjmp
                0x00000000000143e8                accept
                0x00000000000143f4                isatty
                0x0000000000014400                ungetc
                0x000000000001440c                memchr
                0x0000000000014418                hasmntopt
                0x0000000000014424                mktime
                0x0000000000014430                siglongjmp
                0x000000000001443c                inet_ntoa
                0x0000000000014448                puts
                0x0000000000014454                tcsetpgrp
                0x0000000000014460                endmntent
                0x000000000001446c                mmap64
                0x0000000000014478                fstat64
                0x0000000000014484                strerror
                0x0000000000014490                longjmp
                0x000000000001449c                lchown
                0x00000000000144a8                vasprintf
                0x00000000000144b4                fputs_unlocked
                0x00000000000144c0                strsignal
                0x00000000000144cc                select
                0x00000000000144d8                strtok
                0x00000000000144e4                readdir64
                0x00000000000144f0                tcgetpgrp
                0x00000000000144fc                inet_ntop
                0x0000000000014508                setpgrp
                0x0000000000014514                sigaddset
                0x0000000000014520                gmtime_r
                0x000000000001452c                sprintf
                0x0000000000014538                getenv
                0x0000000000014544                open64
                0x0000000000014550                sigaction
                0x000000000001455c                memcpy
                0x0000000000014568                fdatasync
                0x0000000000014574                setlinebuf
                0x0000000000014580                sched_yield
                0x000000000001458c                strtod
                0x0000000000014598                regcomp
                0x00000000000145a4                uname
                0x00000000000145b0                strlen
                0x00000000000145bc                fchmod
                0x00000000000145c8                klogctl
                0x00000000000145d4                strtol
                0x00000000000145e0                __res_init
                0x00000000000145ec                usleep
                0x00000000000145f8                fseeko64
                0x0000000000014604                getopt_long
                0x0000000000014610                mkdtemp
                0x000000000001461c                swapoff
                0x0000000000014628                shmget
                0x0000000000014634                setgroups
                0x0000000000014640                getaddrinfo
                0x000000000001464c                strcasecmp
                0x0000000000014658                getuid
                0x0000000000014664                strsep
                0x0000000000014670                sysinfo
                0x000000000001467c                getline
                0x0000000000014688                pututxline

.iplt           0x0000000000014694        0x0
 *(SORT(.iplt))
 .iplt          0x0000000000014694        0x0 /usr/src/output/host/arm-buildroot-linux-uclibcgnueabihf/sysroot/usr/lib/crt1.o

.text           0x0000000000014698    0x7d644
 *(SORT(.text.unlikely) SORT(.text.*_unlikely) SORT(.text.unlikely.*))
 *(SORT(.text.exit) SORT(.text.exit.*))
 *(SORT(.text.startup) SORT(.text.startup.*))
 *(SORT(.text.hot) SORT(.text.hot.*))
 *(SORT(.text) SORT(.stub) SORT(.text.*) SORT(.gnu.linkonce.t.*))
 .text.identify
                0x0000000000014698     0x1238 miscutils/lib.a(hdparm.o)
 .text.parse_args
                0x00000000000158d0      0x678 networking/libiproute/lib.a(iptunnel.o)
 .text.showmode
                0x0000000000015f48      0x18c util-linux/lib.a(fbset.o)
 *fill*         0x00000000000160d4        0x4 
 .text.get_boot
                0x00000000000160d8      0x84c util-linux/lib.a(fdisk.o)
 *fill*         0x0000000000016924        0x4 
 .text.sleep_main
                0x0000000000016928      0x19c coreutils/lib.a(sleep.o)
                0x0000000000016928                sleep_main
 *fill*         0x0000000000016ac4        0x4 
 .text.evaluate
                0x0000000000016ac8      0xe4c editors/lib.a(awk.o)
 *fill*         0x0000000000017914        0x4 
 .text.awk_main
                0x0000000000017918      0x4a0 editors/lib.a(awk.o)
                0x0000000000017918                awk_main
 .text.smart_ulltoa5
                0x0000000000017db8      0x1a0 libbb/lib.a(human_readable.o)
                0x0000000000017db8                smart_ulltoa5
 .text.bb_progress_update
                0x0000000000017f58      0x37c libbb/lib.a(progress.o)
                0x0000000000017f58                bb_progress_update
 *fill*         0x00000000000182d4        0x4 
 .text          0x00000000000182d8       0x50 /usr/src/output/host/lib/gcc/arm-buildroot-linux-uclibcgnueabihf/6.4.0/libgcc.a(_fixunsdfdi.o)
                0x00000000000182d8                __aeabi_d2ulz
                0x00000000000182d8                __fixunsdfdi
 .text          0x0000000000018328       0x3c /usr/src/output/host/arm-buildroot-linux-uclibcgnueabihf/sysroot/usr/lib/crt1.o
                0x0000000000018328                _start
 .text          0x0000000000018364      0x10c /usr/src/output/host/lib/gcc/arm-buildroot-linux-uclibcgnueabihf/6.4.0/crtbegin.o
 .text.string_array_len
                0x0000000000018470       0x28 libbb/lib.a(appletlib.o)
                0x0000000000018470                string_array_len
 .text.find_applet_by_name
                0x0000000000018498       0xb4 libbb/lib.a(appletlib.o)
                0x0000000000018498                find_applet_by_name
 .text.bb_show_usage
                0x000000000001854c       0xa4 libbb/lib.a(appletlib.o)
                0x000000000001854c                bb_show_usage
 .text.lbb_prepare
                0x00000000000185f0       0x28 libbb/lib.a(appletlib.o)
                0x00000000000185f0                lbb_prepare
 .text.run_applet_no_and_exit
                0x0000000000018618      0x128 libbb/lib.a(appletlib.o)
                0x0000000000018618                run_applet_no_and_exit
 .text.run_applet_and_exit
                0x0000000000018740      0x360 libbb/lib.a(appletlib.o)
 .text.main     0x0000000000018aa0       0x74 libbb/lib.a(appletlib.o)
                0x0000000000018aa0                main
 .text.is_prefixed_with
                0x0000000000018b14       0x30 libbb/lib.a(compare_string_array.o)
                0x0000000000018b14                is_prefixed_with
 .text.index_in_strings
                0x0000000000018b44       0x54 libbb/lib.a(compare_string_array.o)
                0x0000000000018b44                index_in_strings
 .text.index_in_substrings
                0x0000000000018b98       0x8c libbb/lib.a(compare_string_array.o)
                0x0000000000018b98                index_in_substrings
 .text.nth_string
                0x0000000000018c24       0x34 libbb/lib.a(compare_string_array.o)
                0x0000000000018c24                nth_string
 .text.concat_path_file
                0x0000000000018c58       0x64 libbb/lib.a(concat_path_file.o)
                0x0000000000018c58                concat_path_file
 .text.bb_basename
                0x0000000000018cbc       0x20 libbb/lib.a(get_last_path_component.o)
                0x0000000000018cbc                bb_basename
 .text.bb_get_last_path_component_nostrip
                0x0000000000018cdc       0x3c libbb/lib.a(get_last_path_component.o)
                0x0000000000018cdc                bb_get_last_path_component_nostrip
 .text.bb_get_last_path_component_strip
                0x0000000000018d18       0x50 libbb/lib.a(get_last_path_component.o)
                0x0000000000018d18                bb_get_last_path_component_strip
 .text.last_char_is
                0x0000000000018d68       0x4c libbb/lib.a(last_char_is.o)
                0x0000000000018d68                last_char_is
 .text.bb_perror_msg
                0x0000000000018db4       0x4c libbb/lib.a(perror_msg.o)
                0x0000000000018db4                bb_perror_msg
 .text.bb_perror_msg_and_die
                0x0000000000018e00       0x40 libbb/lib.a(perror_msg.o)
                0x0000000000018e00                bb_perror_msg_and_die
 .text.bb_simple_perror_msg
                0x0000000000018e40       0x10 libbb/lib.a(perror_msg.o)
                0x0000000000018e40                bb_simple_perror_msg
 .text.bb_simple_perror_msg_and_die
                0x0000000000018e50       0x14 libbb/lib.a(perror_msg.o)
                0x0000000000018e50                bb_simple_perror_msg_and_die
 .text.bb_verror_msg
                0x0000000000018e64      0x218 libbb/lib.a(verror_msg.o)
                0x0000000000018e64                bb_verror_msg
 .text.bb_error_msg_and_die
                0x000000000001907c       0x20 libbb/lib.a(verror_msg.o)
                0x000000000001907c                bb_error_msg_and_die
 .text.bb_error_msg
                0x000000000001909c       0x2c libbb/lib.a(verror_msg.o)
                0x000000000001909c                bb_error_msg
 .text.xfunc_die
                0x00000000000190c8       0x2c libbb/lib.a(xfunc_die.o)
                0x00000000000190c8                xfunc_die
 .text.ndelay_on
                0x00000000000190f4       0x34 libbb/lib.a(xfuncs.o)
                0x00000000000190f4                ndelay_on
 .text.ndelay_off
                0x0000000000019128       0x34 libbb/lib.a(xfuncs.o)
                0x0000000000019128                ndelay_off
 .text.close_on_exec_on
                0x000000000001915c        0xc libbb/lib.a(xfuncs.o)
                0x000000000001915c                close_on_exec_on
 .text.strncpy_IFNAMSIZ
                0x0000000000019168        0x8 libbb/lib.a(xfuncs.o)
                0x0000000000019168                strncpy_IFNAMSIZ
 .text.utoa_to_buf
                0x0000000000019170       0x80 libbb/lib.a(xfuncs.o)
                0x0000000000019170                utoa_to_buf
 .text.itoa_to_buf
                0x00000000000191f0       0x2c libbb/lib.a(xfuncs.o)
                0x00000000000191f0                itoa_to_buf
 .text.utoa     0x000000000001921c       0x28 libbb/lib.a(xfuncs.o)
                0x000000000001921c                utoa
 .text.itoa     0x0000000000019244       0x28 libbb/lib.a(xfuncs.o)
                0x0000000000019244                itoa
 .text.bin2hex  0x000000000001926c       0x4c libbb/lib.a(xfuncs.o)
                0x000000000001926c                bin2hex
 .text.hex2bin  0x00000000000192b8       0xd8 libbb/lib.a(xfuncs.o)
                0x00000000000192b8                hex2bin
 .text.bb_putchar_stderr
                0x0000000000019390       0x20 libbb/lib.a(xfuncs.o)
                0x0000000000019390                bb_putchar_stderr
 .text.full_write1_str
                0x00000000000193b0       0x20 libbb/lib.a(xfuncs.o)
                0x00000000000193b0                full_write1_str
 .text.full_write2_str
                0x00000000000193d0       0x20 libbb/lib.a(xfuncs.o)
                0x00000000000193d0                full_write2_str
 .text.get_terminal_width_height
                0x00000000000193f0      0x13c libbb/lib.a(xfuncs.o)
                0x00000000000193f0                get_terminal_width_height
 .text.get_terminal_width
                0x000000000001952c       0x1c libbb/lib.a(xfuncs.o)
                0x000000000001952c                get_terminal_width
 .text.tcsetattr_stdin_TCSANOW
                0x0000000000019548       0x10 libbb/lib.a(xfuncs.o)
                0x0000000000019548                tcsetattr_stdin_TCSANOW
 .text.set_termios_to_raw
                0x0000000000019558       0xb0 libbb/lib.a(xfuncs.o)
                0x0000000000019558                set_termios_to_raw
 .text.safe_waitpid
                0x0000000000019608       0x44 libbb/lib.a(xfuncs.o)
                0x0000000000019608                safe_waitpid
 .text.wait_any_nohang
                0x000000000001964c       0x10 libbb/lib.a(xfuncs.o)
                0x000000000001964c                wait_any_nohang
 .text.wait4pid
                0x000000000001965c       0x54 libbb/lib.a(xfuncs.o)
                0x000000000001965c                wait4pid
 .text.wait_for_exitstatus
                0x00000000000196b0       0x30 libbb/lib.a(xfuncs.o)
                0x00000000000196b0                wait_for_exitstatus
 .text.malloc_or_warn
                0x00000000000196e0       0x3c libbb/lib.a(xfuncs_printf.o)
                0x00000000000196e0                malloc_or_warn
 .text.xmalloc  0x000000000001971c       0x30 libbb/lib.a(xfuncs_printf.o)
                0x000000000001971c                xmalloc
 .text.xrealloc
                0x000000000001974c       0x30 libbb/lib.a(xfuncs_printf.o)
                0x000000000001974c                xrealloc
 .text.xzalloc  0x000000000001977c       0x24 libbb/lib.a(xfuncs_printf.o)
                0x000000000001977c                xzalloc
 .text.xstrdup  0x00000000000197a0       0x2c libbb/lib.a(xfuncs_printf.o)
                0x00000000000197a0                xstrdup
 .text.xstrndup
                0x00000000000197cc       0x50 libbb/lib.a(xfuncs_printf.o)
                0x00000000000197cc                xstrndup
 .text.xmemdup  0x000000000001981c       0x24 libbb/lib.a(xfuncs_printf.o)
                0x000000000001981c                xmemdup
 .text.xfopen   0x0000000000019840       0x24 libbb/lib.a(xfuncs_printf.o)
                0x0000000000019840                xfopen
 .text.xopen3   0x0000000000019864       0x24 libbb/lib.a(xfuncs_printf.o)
                0x0000000000019864                xopen3
 .text.xopen    0x0000000000019888        0x8 libbb/lib.a(xfuncs_printf.o)
                0x0000000000019888                xopen
 .text.open3_or_warn
                0x0000000000019890       0x2c libbb/lib.a(xfuncs_printf.o)
                0x0000000000019890                open3_or_warn
 .text.open_or_warn
                0x00000000000198bc        0x8 libbb/lib.a(xfuncs_printf.o)
                0x00000000000198bc                open_or_warn
 .text.xopen_nonblocking
                0x00000000000198c4        0x8 libbb/lib.a(xfuncs_printf.o)
                0x00000000000198c4                xopen_nonblocking
 .text.xunlink  0x00000000000198cc       0x24 libbb/lib.a(xfuncs_printf.o)
                0x00000000000198cc                xunlink
 .text.xrename  0x00000000000198f0       0x2c libbb/lib.a(xfuncs_printf.o)
                0x00000000000198f0                xrename
 .text.xpipe    0x000000000001991c       0x1c libbb/lib.a(xfuncs_printf.o)
                0x000000000001991c                xpipe
 .text.xdup2    0x0000000000019938       0x20 libbb/lib.a(xfuncs_printf.o)
                0x0000000000019938                xdup2
 .text.xmove_fd
                0x0000000000019958       0x20 libbb/lib.a(xfuncs_printf.o)
                0x0000000000019958                xmove_fd
 .text.xwrite   0x0000000000019978       0x38 libbb/lib.a(xfuncs_printf.o)
                0x0000000000019978                xwrite
 .text.xwrite_str
                0x00000000000199b0       0x28 libbb/lib.a(xfuncs_printf.o)
                0x00000000000199b0                xwrite_str
 .text.xclose   0x00000000000199d8       0x1c libbb/lib.a(xfuncs_printf.o)
                0x00000000000199d8                xclose
 .text.xlseek   0x00000000000199f4       0x5c libbb/lib.a(xfuncs_printf.o)
                0x00000000000199f4                xlseek
 .text.xmkstemp
                0x0000000000019a50       0x24 libbb/lib.a(xfuncs_printf.o)
                0x0000000000019a50                xmkstemp
 .text.die_if_ferror
                0x0000000000019a74       0x20 libbb/lib.a(xfuncs_printf.o)
                0x0000000000019a74                die_if_ferror
 .text.die_if_ferror_stdout
                0x0000000000019a94       0x18 libbb/lib.a(xfuncs_printf.o)
                0x0000000000019a94                die_if_ferror_stdout
 .text.fflush_all
                0x0000000000019aac        0x8 libbb/lib.a(xfuncs_printf.o)
                0x0000000000019aac                fflush_all
 .text.bb_putchar
                0x0000000000019ab4       0x38 libbb/lib.a(xfuncs_printf.o)
                0x0000000000019ab4                bb_putchar
 .text.xasprintf
                0x0000000000019aec       0x44 libbb/lib.a(xfuncs_printf.o)
                0x0000000000019aec                xasprintf
 .text.xsetenv  0x0000000000019b30       0x20 libbb/lib.a(xfuncs_printf.o)
                0x0000000000019b30                xsetenv
 .text.bb_unsetenv
                0x0000000000019b50       0x44 libbb/lib.a(xfuncs_printf.o)
                0x0000000000019b50                bb_unsetenv
 .text.bb_unsetenv_and_free
                0x0000000000019b94       0x18 libbb/lib.a(xfuncs_printf.o)
                0x0000000000019b94                bb_unsetenv_and_free
 .text.xsetgid  0x0000000000019bac       0x1c libbb/lib.a(xfuncs_printf.o)
                0x0000000000019bac                xsetgid
 .text.xsetuid  0x0000000000019bc8       0x1c libbb/lib.a(xfuncs_printf.o)
                0x0000000000019bc8                xsetuid
 .text.xsetegid
                0x0000000000019be4       0x1c libbb/lib.a(xfuncs_printf.o)
                0x0000000000019be4                xsetegid
 .text.xseteuid
                0x0000000000019c00       0x1c libbb/lib.a(xfuncs_printf.o)
                0x0000000000019c00                xseteuid
 .text.xopen_as_uid_gid
                0x0000000000019c1c       0x5c libbb/lib.a(xfuncs_printf.o)
                0x0000000000019c1c                xopen_as_uid_gid
 .text.xchdir   0x0000000000019c78       0x24 libbb/lib.a(xfuncs_printf.o)
                0x0000000000019c78                xchdir
 .text.xchroot  0x0000000000019c9c       0x34 libbb/lib.a(xfuncs_printf.o)
                0x0000000000019c9c                xchroot
 .text.warn_opendir
                0x0000000000019cd0       0x2c libbb/lib.a(xfuncs_printf.o)
                0x0000000000019cd0                warn_opendir
 .text.xopendir
                0x0000000000019cfc       0x24 libbb/lib.a(xfuncs_printf.o)
                0x0000000000019cfc                xopendir
 .text.xsocket  0x0000000000019d20       0x1c libbb/lib.a(xfuncs_printf.o)
                0x0000000000019d20                xsocket
 .text.xbind    0x0000000000019d3c       0x1c libbb/lib.a(xfuncs_printf.o)
                0x0000000000019d3c                xbind
 .text.xsendto  0x0000000000019d58       0x30 libbb/lib.a(xfuncs_printf.o)
                0x0000000000019d58                xsendto
 .text.xstat    0x0000000000019d88       0x24 libbb/lib.a(xfuncs_printf.o)
                0x0000000000019d88                xstat
 .text.xfstat   0x0000000000019dac       0x1c libbb/lib.a(xfuncs_printf.o)
                0x0000000000019dac                xfstat
 .text.ioctl_or_perror_and_die
                0x0000000000019dc8       0x54 libbb/lib.a(xfuncs_printf.o)
                0x0000000000019dc8                ioctl_or_perror_and_die
 .text.ioctl_or_perror
                0x0000000000019e1c       0x54 libbb/lib.a(xfuncs_printf.o)
                0x0000000000019e1c                ioctl_or_perror
 .text.bb_ioctl_or_warn
                0x0000000000019e70       0x24 libbb/lib.a(xfuncs_printf.o)
                0x0000000000019e70                bb_ioctl_or_warn
 .text.bb_xioctl
                0x0000000000019e94       0x1c libbb/lib.a(xfuncs_printf.o)
                0x0000000000019e94                bb_xioctl
 .text.xmalloc_ttyname
                0x0000000000019eb0       0x30 libbb/lib.a(xfuncs_printf.o)
                0x0000000000019eb0                xmalloc_ttyname
 .text.generate_uuid
                0x0000000000019ee0       0xa4 libbb/lib.a(xfuncs_printf.o)
                0x0000000000019ee0                generate_uuid
 .text.xfork    0x0000000000019f84       0x1c libbb/lib.a(xfuncs_printf.o)
                0x0000000000019f84                xfork
 .text.xmalloc_readlink
                0x0000000000019fa0       0x64 libbb/lib.a(xreadlink.o)
                0x0000000000019fa0                xmalloc_readlink
 .text.xmalloc_follow_symlinks
                0x000000000001a004       0xb8 libbb/lib.a(xreadlink.o)
                0x000000000001a004                xmalloc_follow_symlinks
 .text.xmalloc_readlink_or_warn
                0x000000000001a0bc       0x54 libbb/lib.a(xreadlink.o)
                0x000000000001a0bc                xmalloc_readlink_or_warn
 .text.xmalloc_realpath
                0x000000000001a110        0x8 libbb/lib.a(xreadlink.o)
                0x000000000001a110                xmalloc_realpath
 .text.bb_full_fd_action
                0x000000000001a118      0x174 libbb/lib.a(copyfd.o)
 .text.bb_copyfd_size
                0x000000000001a28c       0x2c libbb/lib.a(copyfd.o)
                0x000000000001a28c                bb_copyfd_size
 .text.bb_copyfd_exact_size
                0x000000000001a2b8       0x58 libbb/lib.a(copyfd.o)
                0x000000000001a2b8                bb_copyfd_exact_size
 .text.bb_copyfd_eof
                0x000000000001a310        0xc libbb/lib.a(copyfd.o)
                0x000000000001a310                bb_copyfd_eof
 .text.full_write
                0x000000000001a31c       0x54 libbb/lib.a(full_write.o)
                0x000000000001a31c                full_write
 .text.safe_read
                0x000000000001a370       0x44 libbb/lib.a(read.o)
                0x000000000001a370                safe_read
 .text.full_read
                0x000000000001a3b4       0x58 libbb/lib.a(read.o)
                0x000000000001a3b4                full_read
 .text.read_close
                0x000000000001a40c       0x20 libbb/lib.a(read.o)
                0x000000000001a40c                read_close
 .text.open_read_close
                0x000000000001a42c       0x2c libbb/lib.a(read.o)
                0x000000000001a42c                open_read_close
 .text.safe_write
                0x000000000001a458       0x4c libbb/lib.a(safe_write.o)
                0x000000000001a458                safe_write
 .text.record_signo
                0x000000000001a4a4       0x10 libbb/lib.a(signals.o)
                0x000000000001a4a4                record_signo
 .text.sigaction_set
                0x000000000001a4b4        0x8 libbb/lib.a(signals.o)
                0x000000000001a4b4                sigaction_set
 .text.sigprocmask_allsigs
                0x000000000001a4bc       0x24 libbb/lib.a(signals.o)
                0x000000000001a4bc                sigprocmask_allsigs
 .text.bb_signals
                0x000000000001a4e0       0x44 libbb/lib.a(signals.o)
                0x000000000001a4e0                bb_signals
 .text.bb_signals_recursive_norestart
                0x000000000001a524       0x5c libbb/lib.a(signals.o)
                0x000000000001a524                bb_signals_recursive_norestart
 .text.sig_unblock
                0x000000000001a580       0x34 libbb/lib.a(signals.o)
                0x000000000001a580                sig_unblock
 .text.kill_myself_with_sig
                0x000000000001a5b4       0x28 libbb/lib.a(signals.o)
                0x000000000001a5b4                kill_myself_with_sig
 .text.signal_SA_RESTART_empty_mask
                0x000000000001a5dc       0x2c libbb/lib.a(signals.o)
                0x000000000001a5dc                signal_SA_RESTART_empty_mask
 .text.signal_no_SA_RESTART_empty_mask
                0x000000000001a608       0x28 libbb/lib.a(signals.o)
                0x000000000001a608                signal_no_SA_RESTART_empty_mask
 .text.get_mono
                0x000000000001a630       0x28 libbb/lib.a(time.o)
 .text.parse_datestr
                0x000000000001a658      0x46c libbb/lib.a(time.o)
                0x000000000001a658                parse_datestr
 .text.validate_tm_time
                0x000000000001aac4       0x28 libbb/lib.a(time.o)
                0x000000000001aac4                validate_tm_time
 .text.strftime_HHMMSS
                0x000000000001aaec       0x48 libbb/lib.a(time.o)
                0x000000000001aaec                strftime_HHMMSS
 .text.strftime_YYYYMMDDHHMMSS
                0x000000000001ab34       0x48 libbb/lib.a(time.o)
                0x000000000001ab34                strftime_YYYYMMDDHHMMSS
 .text.monotonic_us
                0x000000000001ab7c       0x34 libbb/lib.a(time.o)
                0x000000000001ab7c                monotonic_us
 .text.monotonic_ms
                0x000000000001abb0       0x34 libbb/lib.a(time.o)
                0x000000000001abb0                monotonic_ms
 .text.monotonic_sec
                0x000000000001abe4       0x18 libbb/lib.a(time.o)
                0x000000000001abe4                monotonic_sec
 .text.handle_errors.isra.0
                0x000000000001abfc       0x64 libbb/lib.a(bb_strtonum.o)
 .text.bb_strtoull
                0x000000000001ac60       0x78 libbb/lib.a(bb_strtonum.o)
                0x000000000001ac60                bb_strtoull
 .text.bb_strtoll
                0x000000000001acd8       0x84 libbb/lib.a(bb_strtonum.o)
                0x000000000001acd8                bb_strtoll
 .text.bb_strtoul
                0x000000000001ad5c       0x74 libbb/lib.a(bb_strtonum.o)
                0x000000000001ad5c                bb_strtoul
 .text.bb_strtol
                0x000000000001add0       0x80 libbb/lib.a(bb_strtonum.o)
                0x000000000001add0                bb_strtol
 .text.addgroup_main
                0x000000000001ae50      0x180 loginutils/lib.a(addgroup.o)
                0x000000000001ae50                addgroup_main
 .text.addgroup_wrapper
                0x000000000001afd0       0x7c loginutils/lib.a(adduser.o)
 .text.adduser_main
                0x000000000001b04c      0x418 loginutils/lib.a(adduser.o)
                0x000000000001b04c                adduser_main
 .text.cryptpw_main
                0x000000000001b464      0x13c loginutils/lib.a(cryptpw.o)
                0x000000000001b464                cryptpw_main
 .text.deluser_main
                0x000000000001b5a0      0x178 loginutils/lib.a(deluser.o)
                0x000000000001b5a0                deluser_main
 .text.sleep10  0x000000000001b718        0x8 loginutils/lib.a(getty.o)
 .text.bcode    0x000000000001b720       0x20 loginutils/lib.a(getty.o)
 .text.set_tty_attrs
                0x000000000001b740       0x2c loginutils/lib.a(getty.o)
 .text.finalize_tty_attrs
                0x000000000001b76c       0x88 loginutils/lib.a(getty.o)
 .text.alarm_handler
                0x000000000001b7f4       0x10 loginutils/lib.a(getty.o)
 .text.getty_main
                0x000000000001b804      0x778 loginutils/lib.a(getty.o)
                0x000000000001b804                getty_main
 .text.alarm_handler
                0x000000000001bf7c       0x3c loginutils/lib.a(login.o)
 .text.login_main
                0x000000000001bfb8      0x478 loginutils/lib.a(login.o)
                0x000000000001bfb8                login_main
 .text.passwd_main
                0x000000000001c430      0x46c loginutils/lib.a(passwd.o)
                0x000000000001c430                passwd_main
 .text.su_main  0x000000000001c89c      0x24c loginutils/lib.a(su.o)
                0x000000000001c89c                su_main
 .text.sulogin_main
                0x000000000001cae8      0x14c loginutils/lib.a(sulogin.o)
                0x000000000001cae8                sulogin_main
 .text.acquire_vt
                0x000000000001cc34       0x10 loginutils/lib.a(vlock.o)
 .text.release_vt
                0x000000000001cc44       0x20 loginutils/lib.a(vlock.o)
 .text.vlock_main
                0x000000000001cc64      0x1c4 loginutils/lib.a(vlock.o)
                0x000000000001cc64                vlock_main
 .text.crondlog
                0x000000000001ce28       0x48 miscutils/lib.a(crond.o)
 .text.log8     0x000000000001ce70       0x2c miscutils/lib.a(crond.o)
 .text.log5     0x000000000001ce9c       0x2c miscutils/lib.a(crond.o)
 .text.reopen_logfile_to_stderr
                0x000000000001cec8       0x34 miscutils/lib.a(crond.o)
 .text.delete_cronfile
                0x000000000001cefc       0xac miscutils/lib.a(crond.o)
 .text.ParseField
                0x000000000001cfa8      0x1f8 miscutils/lib.a(crond.o)
 .text.safe_setenv
                0x000000000001d1a0       0x40 miscutils/lib.a(crond.o)
 .text.start_one_job
                0x000000000001d1e0      0x170 miscutils/lib.a(crond.o)
 .text.log7.constprop.0
                0x000000000001d350       0x30 miscutils/lib.a(crond.o)
 .text.load_crontab
                0x000000000001d380      0x300 miscutils/lib.a(crond.o)
 .text.rescan_crontab_dir
                0x000000000001d680       0xb0 miscutils/lib.a(crond.o)
 .text.crond_main
                0x000000000001d730      0x438 miscutils/lib.a(crond.o)
                0x000000000001d730                crond_main
 .text.edit_file
                0x000000000001db68       0x9c miscutils/lib.a(crontab.o)
 .text.crontab_main
                0x000000000001dc04      0x2b8 miscutils/lib.a(crontab.o)
                0x000000000001dc04                crontab_main
 .text.pop      0x000000000001debc       0x40 miscutils/lib.a(dc.o)
 .text.push     0x000000000001defc       0x40 miscutils/lib.a(dc.o)
 .text.divide   0x000000000001df3c       0x24 miscutils/lib.a(dc.o)
 .text.mul      0x000000000001df60       0x24 miscutils/lib.a(dc.o)
 .text.sub      0x000000000001df84       0x24 miscutils/lib.a(dc.o)
 .text.add      0x000000000001dfa8       0x24 miscutils/lib.a(dc.o)
 .text.eor      0x000000000001dfcc       0x50 miscutils/lib.a(dc.o)
 .text.not      0x000000000001e01c       0x28 miscutils/lib.a(dc.o)
 .text.or       0x000000000001e044       0x50 miscutils/lib.a(dc.o)
 .text.and      0x000000000001e094       0x50 miscutils/lib.a(dc.o)
 .text.mod      0x000000000001e0e4       0x58 miscutils/lib.a(dc.o)
 .text.stack_machine
                0x000000000001e13c       0x98 miscutils/lib.a(dc.o)
 .text.set_output_base
                0x000000000001e1d4       0x64 miscutils/lib.a(dc.o)
 .text.print_base
                0x000000000001e238      0x114 miscutils/lib.a(dc.o)
 .text.print_stack_no_pop
                0x000000000001e34c       0x40 miscutils/lib.a(dc.o)
 .text.print_no_pop
                0x000000000001e38c       0x38 miscutils/lib.a(dc.o)
 .text.dc_main  0x000000000001e3c4       0x78 miscutils/lib.a(dc.o)
                0x000000000001e3c4                dc_main
 .text.devmem_main
                0x000000000001e43c      0x210 miscutils/lib.a(devmem.o)
                0x000000000001e43c                devmem_main
 .text.parse_opts
                0x000000000001e64c       0x34 miscutils/lib.a(hdparm.o)
 .text.parse_opts_0_1
                0x000000000001e680        0xc miscutils/lib.a(hdparm.o)
 .text.parse_opts_0_INTMAX
                0x000000000001e68c        0xc miscutils/lib.a(hdparm.o)
 .text.translate_xfermode
                0x000000000001e698       0x88 miscutils/lib.a(hdparm.o)
 .text.read_big_block
                0x000000000001e720       0x38 miscutils/lib.a(hdparm.o)
 .text.xprint_ascii
                0x000000000001e758       0x98 miscutils/lib.a(hdparm.o)
 .text.mode_loop
                0x000000000001e7f0       0x8c miscutils/lib.a(hdparm.o)
 .text.print_flag
                0x000000000001e87c       0x14 miscutils/lib.a(hdparm.o)
 .text.print_flag_on_off
                0x000000000001e890       0x3c miscutils/lib.a(hdparm.o)
 .text.identify_from_stdin
                0x000000000001e8cc       0x90 miscutils/lib.a(hdparm.o)
 .text.dump_identity
                0x000000000001e95c      0x4b0 miscutils/lib.a(hdparm.o)
 .text.seek_to_zero
                0x000000000001ee0c       0x24 miscutils/lib.a(hdparm.o)
 .text.flush_buffer_cache
                0x000000000001ee30       0x6c miscutils/lib.a(hdparm.o)
 .text.do_time  0x000000000001ee9c      0x1d0 miscutils/lib.a(hdparm.o)
 .text.ioctl_alt_func.constprop.1
                0x000000000001f06c       0x44 miscutils/lib.a(hdparm.o)
 .text.print_value_on_off
                0x000000000001f0b0       0x3c miscutils/lib.a(hdparm.o)
 .text.process_dev
                0x000000000001f0ec      0xbd4 miscutils/lib.a(hdparm.o)
 .text.hdparm_main
                0x000000000001fcc0      0x3fc miscutils/lib.a(hdparm.o)
                0x000000000001fcc0                hdparm_main
 .text.i2c_bus_lookup
                0x00000000000200bc       0x14 miscutils/lib.a(i2c_tools.o)
 .text.i2c_dev_open
                0x00000000000200d0       0x6c miscutils/lib.a(i2c_tools.o)
 .text.check_funcs_test_end
                0x000000000002013c       0x3c miscutils/lib.a(i2c_tools.o)
 .text.check_read_funcs
                0x0000000000020178       0xf4 miscutils/lib.a(i2c_tools.o)
 .text.i2c_set_slave_addr
                0x000000000002026c       0x34 miscutils/lib.a(i2c_tools.o)
 .text.confirm_or_abort
                0x00000000000202a0       0x38 miscutils/lib.a(i2c_tools.o)
 .text.confirm_action
                0x00000000000202d8       0x8c miscutils/lib.a(i2c_tools.o)
 .text.i2c_smbus_access
                0x0000000000020364       0x2c miscutils/lib.a(i2c_tools.o)
 .text.i2c_smbus_read_byte
                0x0000000000020390       0x30 miscutils/lib.a(i2c_tools.o)
 .text.i2c_smbus_read_word_data
                0x00000000000203c0       0x30 miscutils/lib.a(i2c_tools.o)
 .text.i2c_smbus_read_byte_data
                0x00000000000203f0       0x30 miscutils/lib.a(i2c_tools.o)
 .text.list_i2c_busses_and_exit
                0x0000000000020420      0x238 miscutils/lib.a(i2c_tools.o)
 .text.i2cget_main
                0x0000000000020658      0x210 miscutils/lib.a(i2c_tools.o)
                0x0000000000020658                i2cget_main
 .text.i2cset_main
                0x0000000000020868      0x5f8 miscutils/lib.a(i2c_tools.o)
                0x0000000000020868                i2cset_main
 .text.i2cdump_main
                0x0000000000020e60      0x704 miscutils/lib.a(i2c_tools.o)
                0x0000000000020e60                i2cdump_main
 .text.i2cdetect_main
                0x0000000000021564      0x350 miscutils/lib.a(i2c_tools.o)
                0x0000000000021564                i2cdetect_main
 .text.at_end   0x00000000000218b4       0x7c miscutils/lib.a(less.o)
 .text.safe_lineno
                0x0000000000021930       0x34 miscutils/lib.a(less.o)
 .text.opp_bracket
                0x0000000000021964       0x60 miscutils/lib.a(less.o)
 .text.set_tty_cooked
                0x00000000000219c4       0x28 miscutils/lib.a(less.o)
 .text.clear_line
                0x00000000000219ec       0x20 miscutils/lib.a(less.o)
 .text.less_exit
                0x0000000000021a0c       0x48 miscutils/lib.a(less.o)
 .text.sig_catcher
                0x0000000000021a54        0xc miscutils/lib.a(less.o)
 .text.print_statusline
                0x0000000000021a60       0x34 miscutils/lib.a(less.o)
 .text.fill_match_lines
                0x0000000000021a94       0xb0 miscutils/lib.a(less.o)
 .text.read_lines
                0x0000000000021b44      0x37c miscutils/lib.a(less.o)
 .text.goto_lineno
                0x0000000000021ec0       0xa8 miscutils/lib.a(less.o)
 .text.cap_cur_fline
                0x0000000000021f68       0xa0 miscutils/lib.a(less.o)
 .text.update_num_lines
                0x0000000000022008      0x104 miscutils/lib.a(less.o)
 .text.m_status_print
                0x000000000002210c      0x144 miscutils/lib.a(less.o)
 .text.status_print
                0x0000000000022250       0xa0 miscutils/lib.a(less.o)
 .text.buffer_print
                0x00000000000222f0      0x364 miscutils/lib.a(less.o)
 .text.buffer_fill_and_print
                0x0000000000022654       0xe8 miscutils/lib.a(less.o)
 .text.reinitialize
                0x000000000002273c       0xc8 miscutils/lib.a(less.o)
 .text.change_file
                0x0000000000022804       0x88 miscutils/lib.a(less.o)
 .text.buffer_down
                0x000000000002288c       0x60 miscutils/lib.a(less.o)
 .text.buffer_up
                0x00000000000228ec       0x64 miscutils/lib.a(less.o)
 .text.buffer_to_line
                0x0000000000022950       0x40 miscutils/lib.a(less.o)
 .text.goto_match
                0x0000000000022990       0x80 miscutils/lib.a(less.o)
 .text.getch_nowait
                0x0000000000022a10      0x10c miscutils/lib.a(less.o)
 .text.less_getch
                0x0000000000022b1c       0x50 miscutils/lib.a(less.o)
 .text.less_gets
                0x0000000000022b6c       0xd4 miscutils/lib.a(less.o)
 .text.examine_file
                0x0000000000022c40       0x8c miscutils/lib.a(less.o)
 .text.regex_process
                0x0000000000022ccc      0x12c miscutils/lib.a(less.o)
 .text.less_main
                0x0000000000022df8      0x96c miscutils/lib.a(less.o)
                0x0000000000022df8                less_main
 .text.get_line
                0x0000000000023764       0x54 miscutils/lib.a(lsscsi.o)
 .text.lsscsi_main
                0x00000000000237b8      0x18c miscutils/lib.a(lsscsi.o)
                0x00000000000237b8                lsscsi_main
 .text.makedevs_main
                0x0000000000023944      0x458 miscutils/lib.a(makedevs.o)
                0x0000000000023944                makedevs_main
 .text.microcom_main
                0x0000000000023d9c      0x350 miscutils/lib.a(microcom.o)
                0x0000000000023d9c                microcom_main
 .text.mt_main  0x00000000000240ec      0x130 miscutils/lib.a(mt.o)
                0x00000000000240ec                mt_main
 .text.partprobe_main
                0x000000000002421c       0x74 miscutils/lib.a(partprobe.o)
                0x000000000002421c                partprobe_main
 .text.runlevel_main
                0x0000000000024290       0x7c miscutils/lib.a(runlevel.o)
                0x0000000000024290                runlevel_main
 .text.index_in_strings_case_insensitive
                0x000000000002430c       0x54 miscutils/lib.a(setserial.o)
 .text.get_numeric
                0x0000000000024360        0xc miscutils/lib.a(setserial.o)
 .text.serial_ctl
                0x000000000002436c       0xb0 miscutils/lib.a(setserial.o)
 .text.setserial_main
                0x000000000002441c      0x5ec miscutils/lib.a(setserial.o)
                0x000000000002441c                setserial_main
 .text.strings_main
                0x0000000000024a08      0x214 miscutils/lib.a(strings.o)
                0x0000000000024a08                strings_main
 .text.ptok     0x0000000000024c1c       0x20 miscutils/lib.a(time.o)
 .text.run_command
                0x0000000000024c3c       0xe8 miscutils/lib.a(time.o)
 .text.time_main
                0x0000000000024d24      0x558 miscutils/lib.a(time.o)
                0x0000000000024d24                time_main
 .text.ubirename_main
                0x000000000002527c       0xfc miscutils/lib.a(ubirename.o)
                0x000000000002527c                ubirename_main
 .text.watchdog_shutdown
                0x0000000000025378       0x20 miscutils/lib.a(watchdog.o)
 .text.watchdog_main
                0x0000000000025398      0x134 miscutils/lib.a(watchdog.o)
                0x0000000000025398                watchdog_main
 .text.insmod_main
                0x00000000000254cc       0x54 modutils/lib.a(insmod.o)
                0x00000000000254cc                insmod_main
 .text.lsmod_main
                0x0000000000025520      0x10c modutils/lib.a(lsmod.o)
                0x0000000000025520                lsmod_main
 .text.read_config
                0x000000000002562c       0x28 modutils/lib.a(modprobe.o)
 .text.gather_options_str
                0x0000000000025654       0x64 modutils/lib.a(modprobe.o)
 .text.load_modules_dep
                0x00000000000256b8      0x12c modutils/lib.a(modprobe.o)
 .text.get_or_add_modentry
                0x00000000000257e4       0x18 modutils/lib.a(modprobe.o)
 .text.add_probe
                0x00000000000257fc       0x80 modutils/lib.a(modprobe.o)
 .text.config_file_action
                0x000000000002587c      0x1ec modutils/lib.a(modprobe.o)
 .text.do_modprobe
                0x0000000000025a68      0x314 modutils/lib.a(modprobe.o)
 .text.modprobe_main
                0x0000000000025d7c      0x38c modutils/lib.a(modprobe.o)
                0x0000000000025d7c                modprobe_main
 .text.replace  0x0000000000026108       0x20 modutils/lib.a(modutils.o)
                0x0000000000026108                replace
 .text.string_to_llist
                0x0000000000026128       0x64 modutils/lib.a(modutils.o)
                0x0000000000026128                string_to_llist
 .text.filename2modname
                0x000000000002618c       0x74 modutils/lib.a(modutils.o)
                0x000000000002618c                filename2modname
 .text.helper_get_module
                0x0000000000026200       0xa0 modutils/lib.a(modutils.o)
 .text.moddb_get
                0x00000000000262a0        0x8 modutils/lib.a(modutils.o)
                0x00000000000262a0                moddb_get
 .text.moddb_get_or_create
                0x00000000000262a8        0x8 modutils/lib.a(modutils.o)
                0x00000000000262a8                moddb_get_or_create
 .text.parse_cmdline_module_options
                0x00000000000262b0       0xc4 modutils/lib.a(modutils.o)
                0x00000000000262b0                parse_cmdline_module_options
 .text.bb_init_module
                0x0000000000026374       0xcc modutils/lib.a(modutils.o)
                0x0000000000026374                bb_init_module
 .text.bb_delete_module
                0x0000000000026440       0x30 modutils/lib.a(modutils.o)
                0x0000000000026440                bb_delete_module
 .text.moderror
                0x0000000000026470       0x74 modutils/lib.a(modutils.o)
                0x0000000000026470                moderror
 .text.rmmod_main
                0x00000000000264e4       0xc8 modutils/lib.a(rmmod.o)
                0x00000000000264e4                rmmod_main
 .text.arp_show
                0x00000000000265ac      0x2dc networking/lib.a(arp.o)
 .text.arp_main
                0x0000000000026888      0x5ec networking/lib.a(arp.o)
                0x0000000000026888                arp_main
 .text.finish   0x0000000000026e74       0x94 networking/lib.a(arping.o)
 .text.catcher  0x0000000000026f08      0x178 networking/lib.a(arping.o)
 .text.arping_main
                0x0000000000027080      0x764 networking/lib.a(arping.o)
                0x0000000000027080                arping_main
 .text.undot    0x00000000000277e4       0x3c networking/lib.a(dnsd.o)
 .text.dnsd_main
                0x0000000000027820      0x59c networking/lib.a(dnsd.o)
                0x0000000000027820                dnsd_main
 .text.ether_wake_main
                0x0000000000027dbc      0x2bc networking/lib.a(ether-wake.o)
                0x0000000000027dbc                ether_wake_main
 .text.do_sethostname
                0x0000000000028078       0x8c networking/lib.a(hostname.o)
 .text.hostname_main
                0x0000000000028104      0x168 networking/lib.a(hostname.o)
                0x0000000000028104                hostname_main
 .text.ifconfig_main
                0x000000000002826c      0x48c networking/lib.a(ifconfig.o)
                0x000000000002826c                ifconfig_main
 .text.link_up_down
                0x00000000000286f8        0x8 networking/lib.a(ifupdown.o)
 .text.check    0x0000000000028700        0xc networking/lib.a(ifupdown.o)
 .text.doit     0x000000000002870c       0xb0 networking/lib.a(ifupdown.o)
 .text.execute_all
                0x00000000000287bc       0x6c networking/lib.a(ifupdown.o)
 .text.setlocalenv
                0x0000000000028828       0x80 networking/lib.a(ifupdown.o)
 .text.set_environ
                0x00000000000288a8      0x180 networking/lib.a(ifupdown.o)
 .text.iface_down
                0x0000000000028a28       0xb0 networking/lib.a(ifupdown.o)
 .text.iface_up
                0x0000000000028ad8       0xb0 networking/lib.a(ifupdown.o)
 .text.next_word
                0x0000000000028b88       0x5c networking/lib.a(ifupdown.o)
 .text.find_iface_state
                0x0000000000028be4       0x44 networking/lib.a(ifupdown.o)
 .text.strncmpz
                0x0000000000028c28       0x20 networking/lib.a(ifupdown.o)
 .text.get_var  0x0000000000028c48       0x94 networking/lib.a(ifupdown.o)
 .text.addstr   0x0000000000028cdc       0x58 networking/lib.a(ifupdown.o)
 .text.execute  0x0000000000028d34      0x2b8 networking/lib.a(ifupdown.o)
 .text.loopback_up6
                0x0000000000028fec       0x48 networking/lib.a(ifupdown.o)
 .text.static_down6
                0x0000000000029034       0x14 networking/lib.a(ifupdown.o)
 .text.loopback_down6
                0x0000000000029048        0x4 networking/lib.a(ifupdown.o)
 .text.static_up6
                0x000000000002904c       0x60 networking/lib.a(ifupdown.o)
 .text.v4tunnel_down
                0x00000000000290ac       0x14 networking/lib.a(ifupdown.o)
 .text.v4tunnel_up
                0x00000000000290c0       0x78 networking/lib.a(ifupdown.o)
 .text.loopback_down
                0x0000000000029138       0x48 networking/lib.a(ifupdown.o)
 .text.loopback_up
                0x0000000000029180       0x48 networking/lib.a(ifupdown.o)
 .text.dhcp_up  0x00000000000291c8       0x40 networking/lib.a(ifupdown.o)
 .text.bootp_up
                0x0000000000029208       0x14 networking/lib.a(ifupdown.o)
 .text.static_down
                0x000000000002921c       0x48 networking/lib.a(ifupdown.o)
 .text.static_up
                0x0000000000029264       0x60 networking/lib.a(ifupdown.o)
 .text.ppp_down
                0x00000000000292c4       0x14 networking/lib.a(ifupdown.o)
 .text.ppp_up   0x00000000000292d8       0x14 networking/lib.a(ifupdown.o)
 .text.wvdial_down
                0x00000000000292ec       0x14 networking/lib.a(ifupdown.o)
 .text.wvdial_up
                0x0000000000029300       0x14 networking/lib.a(ifupdown.o)
 .text.dhcp_down
                0x0000000000029314       0x4c networking/lib.a(ifupdown.o)
 .text.popen2   0x0000000000029360       0xb8 networking/lib.a(ifupdown.o)
 .text.read_iface_state
                0x0000000000029418       0x6c networking/lib.a(ifupdown.o)
 .text.read_interfaces
                0x0000000000029484      0x52c networking/lib.a(ifupdown.o)
 .text.manual_up_down6
                0x00000000000299b0        0x8 networking/lib.a(ifupdown.o)
 .text.manual_up_down
                0x00000000000299b8        0x8 networking/lib.a(ifupdown.o)
 .text.ifupdown_main
                0x00000000000299c0      0x584 networking/lib.a(ifupdown.o)
                0x00000000000299c0                ifupdown_main
 .text.remove_fd_from_set
                0x0000000000029f44       0x44 networking/lib.a(inetd.o)
 .text.init_ring
                0x0000000000029f88       0x34 networking/lib.a(inetd.o)
 .text.discard_dg
                0x0000000000029fbc       0x14 networking/lib.a(inetd.o)
 .text.maybe_close
                0x0000000000029fd0        0xc networking/lib.a(inetd.o)
 .text.free_servtab_strings
                0x0000000000029fdc       0x5c networking/lib.a(inetd.o)
 .text.bump_nofile
                0x000000000002a038       0xb8 networking/lib.a(inetd.o)
 .text.add_fd_to_set
                0x000000000002a0f0       0x70 networking/lib.a(inetd.o)
 .text.clean_up_and_exit
                0x000000000002a160       0x48 networking/lib.a(inetd.o)
 .text.reap_child
                0x000000000002a1a8       0xb4 networking/lib.a(inetd.o)
 .text.daytime_dg
                0x000000000002a25c       0xac networking/lib.a(inetd.o)
 .text.daytime_stream
                0x000000000002a308       0x34 networking/lib.a(inetd.o)
 .text.machtime_dg
                0x000000000002a33c       0x9c networking/lib.a(inetd.o)
 .text.chargen_dg
                0x000000000002a3d8      0x108 networking/lib.a(inetd.o)
 .text.chargen_stream
                0x000000000002a4e0       0xa4 networking/lib.a(inetd.o)
 .text.discard_stream
                0x000000000002a584       0x2c networking/lib.a(inetd.o)
 .text.echo_stream
                0x000000000002a5b0       0x38 networking/lib.a(inetd.o)
 .text.echo_dg  0x000000000002a5e8       0x8c networking/lib.a(inetd.o)
 .text.xzalloc_lsa
                0x000000000002a674       0x34 networking/lib.a(inetd.o)
 .text.block_CHLD_HUP_ALRM
                0x000000000002a6a8       0x48 networking/lib.a(inetd.o)
 .text.restore_sigmask
                0x000000000002a6f0       0x10 networking/lib.a(inetd.o)
 .text.rearm_alarm
                0x000000000002a700       0x30 networking/lib.a(inetd.o)
 .text.prepare_socket_fd
                0x000000000002a730       0xbc networking/lib.a(inetd.o)
 .text.retry_network_setup
                0x000000000002a7ec       0x60 networking/lib.a(inetd.o)
 .text.machtime_stream
                0x000000000002a84c       0x44 networking/lib.a(inetd.o)
 .text.parse_one_line
                0x000000000002a890      0x4a4 networking/lib.a(inetd.o)
 .text.reread_config_file
                0x000000000002ad34      0x3fc networking/lib.a(inetd.o)
 .text.inetd_main
                0x000000000002b130      0x91c networking/lib.a(inetd.o)
                0x000000000002b130                inetd_main
 .text.UNSPEC_print
                0x000000000002ba4c       0x54 networking/lib.a(interface.o)
 .text.UNSPEC_sprint
                0x000000000002baa0       0x2c networking/lib.a(interface.o)
 .text.INET6_input
                0x000000000002bacc        0x4 networking/lib.a(interface.o)
 .text.INET6_sprint
                0x000000000002bad0       0x34 networking/lib.a(interface.o)
 .text.INET_input
                0x000000000002bb04        0x8 networking/lib.a(interface.o)
 .text.INET_sprint
                0x000000000002bb0c       0x38 networking/lib.a(interface.o)
 .text.ether_print
                0x000000000002bb44       0x40 networking/lib.a(interface.o)
 .text.in_ib    0x000000000002bb84       0x28 networking/lib.a(interface.o)
                0x000000000002bb84                in_ib
 .text.add_interface
                0x000000000002bbac       0x90 networking/lib.a(interface.o)
 .text.if_readconf
                0x000000000002bc3c       0xd0 networking/lib.a(interface.o)
 .text.if_readlist_proc
                0x000000000002bd0c      0x274 networking/lib.a(interface.o)
 .text.do_if_fetch
                0x000000000002bf80      0x2a0 networking/lib.a(interface.o)
 .text.print_bytes_scaled
                0x000000000002c220       0x88 networking/lib.a(interface.o)
 .text.get_aftype
                0x000000000002c2a8       0x38 networking/lib.a(interface.o)
                0x000000000002c2a8                get_aftype
 .text.get_hwtype
                0x000000000002c2e0       0x38 networking/lib.a(interface.o)
                0x000000000002c2e0                get_hwtype
 .text.get_hwntype
                0x000000000002c318       0x28 networking/lib.a(interface.o)
                0x000000000002c318                get_hwntype
 .text.ife_print
                0x000000000002c340      0x5c0 networking/lib.a(interface.o)
 .text.display_interfaces
                0x000000000002c900       0xdc networking/lib.a(interface.o)
                0x000000000002c900                display_interfaces
 .text.ip_do    0x000000000002c9dc       0x1c networking/lib.a(ip.o)
 .text.ip_print_help
                0x000000000002c9f8        0x8 networking/lib.a(ip.o)
 .text.ipaddr_main
                0x000000000002ca00        0xc networking/lib.a(ip.o)
                0x000000000002ca00                ipaddr_main
 .text.iplink_main
                0x000000000002ca0c        0xc networking/lib.a(ip.o)
                0x000000000002ca0c                iplink_main
 .text.iproute_main
                0x000000000002ca18        0xc networking/lib.a(ip.o)
                0x000000000002ca18                iproute_main
 .text.iprule_main
                0x000000000002ca24        0xc networking/lib.a(ip.o)
                0x000000000002ca24                iprule_main
 .text.iptunnel_main
                0x000000000002ca30        0xc networking/lib.a(ip.o)
                0x000000000002ca30                iptunnel_main
 .text.ipneigh_main
                0x000000000002ca3c        0xc networking/lib.a(ip.o)
                0x000000000002ca3c                ipneigh_main
 .text.ip_main  0x000000000002ca48       0x4c networking/lib.a(ip.o)
                0x000000000002ca48                ip_main
 .text.prepend_new_eth_table
                0x000000000002ca94       0xb8 networking/lib.a(nameif.o)
 .text.nameif_main
                0x000000000002cb4c      0x250 networking/lib.a(nameif.o)
                0x000000000002cb4c                nameif_main
 .text.unix_do_one
                0x000000000002cd9c      0x244 networking/lib.a(netstat.o)
 .text.build_ipv6_addr
                0x000000000002cfe0       0x64 networking/lib.a(netstat.o)
 .text.ip_port_str
                0x000000000002d044       0x88 networking/lib.a(netstat.o)
 .text.print_inet_line
                0x000000000002d0cc       0xc0 networking/lib.a(netstat.o)
 .text.do_info  0x000000000002d18c       0x80 networking/lib.a(netstat.o)
 .text.scan_inet_proc_line
                0x000000000002d20c       0xd0 networking/lib.a(netstat.o)
 .text.raw_do_one
                0x000000000002d2dc       0x98 networking/lib.a(netstat.o)
 .text.udp_do_one
                0x000000000002d374       0xc8 networking/lib.a(netstat.o)
 .text.tcp_do_one
                0x000000000002d43c       0x64 networking/lib.a(netstat.o)
 .text.netstat_main
                0x000000000002d4a0      0x200 networking/lib.a(netstat.o)
                0x000000000002d4a0                netstat_main
 .text.set_default_dns
                0x000000000002d6a0       0x60 networking/lib.a(nslookup.o)
 .text.print_host
                0x000000000002d700       0xe8 networking/lib.a(nslookup.o)
 .text.nslookup_main
                0x000000000002d7e8       0x8c networking/lib.a(nslookup.o)
                0x000000000002d7e8                nslookup_main
 .text.print_stats_and_exit
                0x000000000002d874       0xf8 networking/lib.a(ping.o)
 .text.sendping4
                0x000000000002d96c      0x16c networking/lib.a(ping.o)
 .text.ping_main
                0x000000000002dad8      0x54c networking/lib.a(ping.o)
                0x000000000002dad8                ping_main
 .text.set_flags
                0x000000000002e024       0x40 networking/lib.a(route.o)
 .text.kw_lookup
                0x000000000002e064       0x80 networking/lib.a(route.o)
 .text.INET6_displayroutes
                0x000000000002e0e4      0x1f0 networking/lib.a(route.o)
 .text.INET6_setroute
                0x000000000002e2d4      0x260 networking/lib.a(route.o)
 .text.INET_setroute
                0x000000000002e534      0x39c networking/lib.a(route.o)
 .text.bb_displayroutes
                0x000000000002e8d0      0x1e0 networking/lib.a(route.o)
                0x000000000002e8d0                bb_displayroutes
 .text.route_main
                0x000000000002eab0      0x154 networking/lib.a(route.o)
                0x000000000002eab0                route_main
 .text.put_iac  0x000000000002ec04       0x1c networking/lib.a(telnet.o)
 .text.iac_flush
                0x000000000002ec20       0x34 networking/lib.a(telnet.o)
 .text.put_iac2_merged
                0x000000000002ec54       0x3c networking/lib.a(telnet.o)
 .text.rawmode  0x000000000002ec90       0x24 networking/lib.a(telnet.o)
 .text.cookmode
                0x000000000002ecb4       0x24 networking/lib.a(telnet.o)
 .text.setConMode
                0x000000000002ecd8       0x78 networking/lib.a(telnet.o)
 .text.con_escape
                0x000000000002ed50      0x13c networking/lib.a(telnet.o)
 .text.handle_net_output
                0x000000000002ee8c       0x94 networking/lib.a(telnet.o)
 .text.telnet_main
                0x000000000002ef20      0x614 networking/lib.a(telnet.o)
                0x000000000002ef20                telnet_main
 .text.tftp_blksize_check
                0x000000000002f534       0x54 networking/lib.a(tftp.o)
 .text.tftp_main
                0x000000000002f588      0x728 networking/lib.a(tftp.o)
                0x000000000002f588                tftp_main
 .text.traceroute_main
                0x000000000002fcb0      0x910 networking/lib.a(traceroute.o)
                0x000000000002fcb0                traceroute_main
 .text.xfind_str
                0x00000000000305c0       0x40 networking/lib.a(vconfig.o)
 .text.vconfig_main
                0x0000000000030600      0x124 networking/lib.a(vconfig.o)
                0x0000000000030600                vconfig_main
 .text.sanitize_string
                0x0000000000030724       0x24 networking/lib.a(wget.o)
 .text.alarm_handler
                0x0000000000030748       0x2c networking/lib.a(wget.o)
 .text.set_alarm
                0x0000000000030774       0x2c networking/lib.a(wget.o)
 .text.open_socket
                0x00000000000307a0       0x48 networking/lib.a(wget.o)
 .text.base64enc
                0x00000000000307e8       0x44 networking/lib.a(wget.o)
 .text.fgets_and_trim
                0x000000000003082c       0xac networking/lib.a(wget.o)
 .text.reset_beg_range_to_zero
                0x00000000000308d8       0x40 networking/lib.a(wget.o)
 .text.parse_url
                0x0000000000030918      0x1d4 networking/lib.a(wget.o)
 .text.gethdr   0x0000000000030aec       0xf0 networking/lib.a(wget.o)
 .text.progress_meter
                0x0000000000030bdc       0xb4 networking/lib.a(wget.o)
 .text.retrieve_file_data
                0x0000000000030c90      0x238 networking/lib.a(wget.o)
 .text.ftpcmd   0x0000000000030ec8       0xcc networking/lib.a(wget.o)
 .text.wget_main
                0x0000000000030f94      0xbf0 networking/lib.a(wget.o)
                0x0000000000030f94                wget_main
 .text.ip_parse_common_args
                0x0000000000031b84      0x104 networking/libiproute/lib.a(ip_parse_common_args.o)
                0x0000000000031b84                ip_parse_common_args
 .text.store_nlmsg
                0x0000000000031c88       0x5c networking/libiproute/lib.a(ipaddress.o)
 .text.flush_update
                0x0000000000031ce4       0x50 networking/libiproute/lib.a(ipaddress.o)
 .text.print_addrinfo
                0x0000000000031d34      0x520 networking/libiproute/lib.a(ipaddress.o)
 .text.print_linkinfo
                0x0000000000032254      0x3b0 networking/libiproute/lib.a(ipaddress.o)
 .text.ipaddr_modify
                0x0000000000032604      0x4a0 networking/libiproute/lib.a(ipaddress.o)
 .text.ipaddr_list_or_flush
                0x0000000000032aa4      0x584 networking/libiproute/lib.a(ipaddress.o)
                0x0000000000032aa4                ipaddr_list_or_flush
 .text.do_ipaddr
                0x0000000000033028       0xa8 networking/libiproute/lib.a(ipaddress.o)
                0x0000000000033028                do_ipaddr
 .text.get_ctl_fd
                0x00000000000330d0       0x48 networking/libiproute/lib.a(iplink.o)
 .text.do_add_or_delete
                0x0000000000033118      0x500 networking/libiproute/lib.a(iplink.o)
 .text.do_iplink
                0x0000000000033618      0x564 networking/libiproute/lib.a(iplink.o)
                0x0000000000033618                do_iplink
 .text.flush_update
                0x0000000000033b7c       0x50 networking/libiproute/lib.a(ipneigh.o)
 .text.ipneigh_list_or_flush
                0x0000000000033bcc      0x388 networking/libiproute/lib.a(ipneigh.o)
 .text.print_neigh
                0x0000000000033f54      0x404 networking/libiproute/lib.a(ipneigh.o)
 .text.do_ipneigh
                0x0000000000034358       0x54 networking/libiproute/lib.a(ipneigh.o)
                0x0000000000034358                do_ipneigh
 .text.iproute_reset_filter
                0x00000000000343ac       0x34 networking/libiproute/lib.a(iproute.o)
 .text.flush_update
                0x00000000000343e0       0x50 networking/libiproute/lib.a(iproute.o)
 .text.print_route
                0x0000000000034430      0x780 networking/libiproute/lib.a(iproute.o)
 .text.iproute_get
                0x0000000000034bb0      0x37c networking/libiproute/lib.a(iproute.o)
 .text.iproute_list_or_flush
                0x0000000000034f2c      0x610 networking/libiproute/lib.a(iproute.o)
 .text.iproute_modify
                0x000000000003553c      0x510 networking/libiproute/lib.a(iproute.o)
 .text.do_iproute
                0x0000000000035a4c       0xf8 networking/libiproute/lib.a(iproute.o)
                0x0000000000035a4c                do_iproute
 .text.iprule_modify
                0x0000000000035b44      0x3f4 networking/libiproute/lib.a(iprule.o)
 .text.print_rule
                0x0000000000035f38      0x304 networking/libiproute/lib.a(iprule.o)
 .text.do_iprule
                0x000000000003623c       0xcc networking/libiproute/lib.a(iprule.o)
                0x000000000003623c                do_iprule
 .text.do_get_ioctl
                0x0000000000036308       0x5c networking/libiproute/lib.a(iptunnel.o)
 .text.do_add_ioctl
                0x0000000000036364       0x88 networking/libiproute/lib.a(iptunnel.o)
 .text.do_del_ioctl
                0x00000000000363ec       0x60 networking/libiproute/lib.a(iptunnel.o)
 .text.do_add   0x000000000003644c       0x9c networking/libiproute/lib.a(iptunnel.o)
 .text.print_tunnel
                0x00000000000364e8      0x2cc networking/libiproute/lib.a(iptunnel.o)
 .text.do_tunnels_list
                0x00000000000367b4      0x298 networking/libiproute/lib.a(iptunnel.o)
 .text.do_iptunnel
                0x0000000000036a4c      0x16c networking/libiproute/lib.a(iptunnel.o)
                0x0000000000036a4c                do_iptunnel
 .text.xrtnl_open
                0x0000000000036bb8       0x78 networking/libiproute/lib.a(libnetlink.o)
                0x0000000000036bb8                xrtnl_open
 .text.rtnl_send
                0x0000000000036c30       0x34 networking/libiproute/lib.a(libnetlink.o)
                0x0000000000036c30                rtnl_send
 .text.xrtnl_wilddump_request
                0x0000000000036c64       0x4c networking/libiproute/lib.a(libnetlink.o)
                0x0000000000036c64                xrtnl_wilddump_request
 .text.rtnl_dump_request
                0x0000000000036cb0       0x94 networking/libiproute/lib.a(libnetlink.o)
                0x0000000000036cb0                rtnl_dump_request
 .text.xrtnl_dump_filter
                0x0000000000036d44      0x1fc networking/libiproute/lib.a(libnetlink.o)
                0x0000000000036d44                xrtnl_dump_filter
 .text.rtnl_talk
                0x0000000000036f40      0x28c networking/libiproute/lib.a(libnetlink.o)
                0x0000000000036f40                rtnl_talk
 .text.addattr32
                0x00000000000371cc       0x54 networking/libiproute/lib.a(libnetlink.o)
                0x00000000000371cc                addattr32
 .text.addattr_l
                0x0000000000037220       0x6c networking/libiproute/lib.a(libnetlink.o)
                0x0000000000037220                addattr_l
 .text.rta_addattr32
                0x000000000003728c       0x54 networking/libiproute/lib.a(libnetlink.o)
                0x000000000003728c                rta_addattr32
 .text.parse_rtattr
                0x00000000000372e0       0x9c networking/libiproute/lib.a(libnetlink.o)
                0x00000000000372e0                parse_rtattr
 .text.ll_addr_n2a
                0x000000000003737c       0xcc networking/libiproute/lib.a(ll_addr.o)
                0x000000000003737c                ll_addr_n2a
 .text.ll_addr_a2n
                0x0000000000037448       0xdc networking/libiproute/lib.a(ll_addr.o)
                0x0000000000037448                ll_addr_a2n
 .text.find_by_index
                0x0000000000037524       0x44 networking/libiproute/lib.a(ll_map.o)
 .text.ll_remember_index
                0x0000000000037568      0x134 networking/libiproute/lib.a(ll_map.o)
                0x0000000000037568                ll_remember_index
 .text.ll_index_to_name
                0x000000000003769c       0x44 networking/libiproute/lib.a(ll_map.o)
                0x000000000003769c                ll_index_to_name
 .text.ll_index_to_flags
                0x00000000000376e0       0x24 networking/libiproute/lib.a(ll_map.o)
                0x00000000000376e0                ll_index_to_flags
 .text.xll_name_to_index
                0x0000000000037704       0x24 networking/libiproute/lib.a(ll_map.o)
                0x0000000000037704                xll_name_to_index
 .text.ll_init_map
                0x0000000000037728       0x30 networking/libiproute/lib.a(ll_map.o)
                0x0000000000037728                ll_init_map
 .text.ll_type_n2a
                0x0000000000037758       0x68 networking/libiproute/lib.a(ll_types.o)
                0x0000000000037758                ll_type_n2a
 .text.rtnl_tab_initialize
                0x00000000000377c0       0xb4 networking/libiproute/lib.a(rt_names.o)
 .text.rtnl_rtscope_initialize
                0x0000000000037874       0x74 networking/libiproute/lib.a(rt_names.o)
 .text.rtnl_rtrealm_initialize
                0x00000000000378e8       0x44 networking/libiproute/lib.a(rt_names.o)
 .text.rtnl_rtdsfield_initialize
                0x000000000003792c       0x44 networking/libiproute/lib.a(rt_names.o)
 .text.rtnl_rttable_initialize
                0x0000000000037970       0x68 networking/libiproute/lib.a(rt_names.o)
 .text.rtnl_a2n
                0x00000000000379d8       0xa4 networking/libiproute/lib.a(rt_names.o)
 .text.rtnl_rtprot_a2n
                0x0000000000037a7c       0x90 networking/libiproute/lib.a(rt_names.o)
                0x0000000000037a7c                rtnl_rtprot_a2n
 .text.rtnl_rtscope_n2a
                0x0000000000037b0c       0x40 networking/libiproute/lib.a(rt_names.o)
                0x0000000000037b0c                rtnl_rtscope_n2a
 .text.rtnl_rtscope_a2n
                0x0000000000037b4c       0x30 networking/libiproute/lib.a(rt_names.o)
                0x0000000000037b4c                rtnl_rtscope_a2n
 .text.rtnl_rtrealm_a2n
                0x0000000000037b7c       0x30 networking/libiproute/lib.a(rt_names.o)
                0x0000000000037b7c                rtnl_rtrealm_a2n
 .text.rtnl_rtrealm_n2a
                0x0000000000037bac       0x40 networking/libiproute/lib.a(rt_names.o)
                0x0000000000037bac                rtnl_rtrealm_n2a
 .text.rtnl_dsfield_n2a
                0x0000000000037bec       0x40 networking/libiproute/lib.a(rt_names.o)
                0x0000000000037bec                rtnl_dsfield_n2a
 .text.rtnl_dsfield_a2n
                0x0000000000037c2c       0x30 networking/libiproute/lib.a(rt_names.o)
                0x0000000000037c2c                rtnl_dsfield_a2n
 .text.rtnl_rttable_n2a
                0x0000000000037c5c       0x40 networking/libiproute/lib.a(rt_names.o)
                0x0000000000037c5c                rtnl_rttable_n2a
 .text.rtnl_rttable_a2n
                0x0000000000037c9c       0x30 networking/libiproute/lib.a(rt_names.o)
                0x0000000000037c9c                rtnl_rttable_a2n
 .text.rtnl_rtntype_n2a
                0x0000000000037ccc       0xd0 networking/libiproute/lib.a(rtm_map.o)
                0x0000000000037ccc                rtnl_rtntype_n2a
 .text.rtnl_rtntype_a2n
                0x0000000000037d9c      0x114 networking/libiproute/lib.a(rtm_map.o)
                0x0000000000037d9c                rtnl_rtntype_a2n
 .text.get_rt_realms
                0x0000000000037eb0       0xa4 networking/libiproute/lib.a(rtm_map.o)
                0x0000000000037eb0                get_rt_realms
 .text.get_hz   0x0000000000037f54       0x88 networking/libiproute/lib.a(utils.o)
                0x0000000000037f54                get_hz
 .text.get_addr_1
                0x0000000000037fdc      0x164 networking/libiproute/lib.a(utils.o)
                0x0000000000037fdc                get_addr_1
 .text.get_addr
                0x0000000000038140       0x4c networking/libiproute/lib.a(utils.o)
                0x0000000000038140                get_addr
 .text.get_prefix
                0x000000000003818c      0x1b0 networking/libiproute/lib.a(utils.o)
                0x000000000003818c                get_prefix
 .text.get_addr32
                0x000000000003833c       0x50 networking/libiproute/lib.a(utils.o)
                0x000000000003833c                get_addr32
 .text.next_arg
                0x000000000003838c       0x24 networking/libiproute/lib.a(utils.o)
                0x000000000003838c                next_arg
 .text.invarg_1_to_2
                0x00000000000383b0       0x18 networking/libiproute/lib.a(utils.o)
                0x00000000000383b0                invarg_1_to_2
 .text.get_u32  0x00000000000383c8       0x48 networking/libiproute/lib.a(utils.o)
                0x00000000000383c8                get_u32
 .text.get_unsigned
                0x0000000000038410        0x4 networking/libiproute/lib.a(utils.o)
                0x0000000000038410                get_unsigned
 .text.get_u16  0x0000000000038414       0x5c networking/libiproute/lib.a(utils.o)
                0x0000000000038414                get_u16
 .text.duparg   0x0000000000038470       0x18 networking/libiproute/lib.a(utils.o)
                0x0000000000038470                duparg
 .text.duparg2  0x0000000000038488       0x18 networking/libiproute/lib.a(utils.o)
                0x0000000000038488                duparg2
 .text.inet_addr_match
                0x00000000000384a0       0x6c networking/libiproute/lib.a(utils.o)
                0x00000000000384a0                inet_addr_match
 .text.rt_addr_n2a
                0x000000000003850c       0x4c networking/libiproute/lib.a(utils.o)
                0x000000000003850c                rt_addr_n2a
 .text.alloc_dhcp_option
                0x0000000000038558       0x54 networking/udhcp/lib.a(dhcpc.o)
 .text.init_packet
                0x00000000000385ac       0x80 networking/udhcp/lib.a(dhcpc.o)
 .text.add_client_options
                0x000000000003862c      0x110 networking/udhcp/lib.a(dhcpc.o)
 .text.raw_bcast_from_client_config_ifindex
                0x000000000003873c       0x3c networking/udhcp/lib.a(dhcpc.o)
 .text.send_discover
                0x0000000000038778       0x68 networking/udhcp/lib.a(dhcpc.o)
 .text.send_select
                0x00000000000387e0       0x78 networking/udhcp/lib.a(dhcpc.o)
 .text.send_decline
                0x0000000000038858       0x64 networking/udhcp/lib.a(dhcpc.o)
 .text.send_renew
                0x00000000000388bc       0x80 networking/udhcp/lib.a(dhcpc.o)
 .text.udhcp_recv_raw_packet
                0x000000000003893c      0x1e4 networking/udhcp/lib.a(dhcpc.o)
 .text.client_background